23:22:02 **** Incremental Build of configuration Debug for project 01_led_toggle_addr ****
make -j4 all 
arm-none-eabi-gcc "../Src/main.c" -mcpu=cortex-m4 -std=gnu11 -g3 -DDEBUG -DSTM32 -DSTM32F4 -DSTM32F411RETx -c -I../Inc -O0 -ffunction-sections -fdata-sections -Wall -fstack-usage -fcyclomatic-complexity -MMD -MP -MF"Src/main.d" -MT"Src/main.o" --specs=nano.specs -mfpu=fpv4-sp-d16 -mfloat-abi=hard -mthumb -o "Src/main.o"
arm-none-eabi-gcc -o "01_led_toggle_addr.elf" @"objects.list"   -mcpu=cortex-m4 -T"/home/ankith/bareMetal/01_led_toggle_addr/STM32F411RETX_FLASH.ld" --specs=nosys.specs -Wl,-Map="01_led_toggle_addr.map" -Wl,--gc-sections -static --specs=nano.specs -mfpu=fpv4-sp-d16 -mfloat-abi=hard -mthumb -Wl,--start-group -lc -lm -Wl,--end-group
Finished building target: 01_led_toggle_addr.elf
 
arm-none-eabi-size  01_led_toggle_addr.elf 
arm-none-eabi-objdump -h -S 01_led_toggle_addr.elf  > "01_led_toggle_addr.list"
   text	   data	    bss	    dec	    hex	filename
    756	      0	   1568	   2324	    914	01_led_toggle_addr.elf
Finished building: default.size.stdout
 
Finished building: 01_led_toggle_addr.list
 

23:22:02 Build Finished. 0 errors, 0 warnings. (took 128ms)

