23:28:20 **** Incremental Build of configuration Debug for project 02_gpio_output ****
make -j4 all 
arm-none-eabi-gcc "../Src/main.c" -mcpu=cortex-m4 -std=gnu11 -g3 -DDEBUG -DNUCLEO_F411RE -DSTM32 -DSTM32F4 -DSTM32F411RETx -DSTM32F411xE -c -I../Inc -I/home/ankith/bareMetal/chip_headers/CMSIS/Device/ST/STM32F4xx/Include -I/home/ankith/bareMetal/chip_headers/CMSIS/Include -O0 -ffunction-sections -fdata-sections -Wall -fstack-usage -fcyclomatic-complexity -MMD -MP -MF"Src/main.d" -MT"Src/main.o" --specs=nano.specs -mfpu=fpv4-sp-d16 -mfloat-abi=hard -mthumb -o "Src/main.o"
arm-none-eabi-gcc -o "02_gpio_output.elf" @"objects.list"   -mcpu=cortex-m4 -T"/home/ankith/bareMetal/02_gpio_output/STM32F411RETX_FLASH.ld" --specs=nosys.specs -Wl,-Map="02_gpio_output.map" -Wl,--gc-sections -static --specs=nano.specs -mfpu=fpv4-sp-d16 -mfloat-abi=hard -mthumb -Wl,--start-group -lc -lm -Wl,--end-group
Finished building target: 02_gpio_output.elf
 
arm-none-eabi-size  02_gpio_output.elf 
arm-none-eabi-objdump -h -S 02_gpio_output.elf  > "02_gpio_output.list"
   text	   data	    bss	    dec	    hex	filename
    748	      0	   1568	   2316	    90c	02_gpio_output.elf
Finished building: default.size.stdout
 
Finished building: 02_gpio_output.list
 

23:28:20 Build Finished. 0 errors, 0 warnings. (took 293ms)

