16:34:51 **** Incremental Build of configuration Debug for project 02_led_toggle_addr_struct ****
make -j4 all 
arm-none-eabi-gcc "../Src/main.c" -mcpu=cortex-m4 -std=gnu11 -g3 -DDEBUG -DSTM32 -DSTM32F4 -DSTM32F411RETx -c -I../Inc -O0 -ffunction-sections -fdata-sections -Wall -fstack-usage -fcyclomatic-complexity -MMD -MP -MF"Src/main.d" -MT"Src/main.o" --specs=nano.specs -mfpu=fpv4-sp-d16 -mfloat-abi=hard -mthumb -o "Src/main.o"
arm-none-eabi-gcc -o "02_led_toggle_addr_struct.elf" @"objects.list"   -mcpu=cortex-m4 -T"/home/ankith/bareMetal/02_led_toggle_addr_struct/STM32F411RETX_FLASH.ld" --specs=nosys.specs -Wl,-Map="02_led_toggle_addr_struct.map" -Wl,--gc-sections -static --specs=nano.specs -mfpu=fpv4-sp-d16 -mfloat-abi=hard -mthumb -Wl,--start-group -lc -lm -Wl,--end-group
Finished building target: 02_led_toggle_addr_struct.elf
 
arm-none-eabi-size  02_led_toggle_addr_struct.elf 
arm-none-eabi-objdump -h -S 02_led_toggle_addr_struct.elf  > "02_led_toggle_addr_struct.list"
   text	   data	    bss	    dec	    hex	filename
    752	      0	   1568	   2320	    910	02_led_toggle_addr_struct.elf
Finished building: default.size.stdout
 
Finished building: 02_led_toggle_addr_struct.list
 

16:34:51 Build Finished. 0 errors, 0 warnings. (took 179ms)

