00:33:25 **** Build of configuration Debug for project 06_usart_printf ****
make -j4 all 
arm-none-eabi-gcc "../Src/main.c" -mcpu=cortex-m4 -std=gnu11 -g3 -DDEBUG -DNUCLEO_F411RE -DSTM32 -DSTM32F4 -DSTM32F411RETx -DSTM32F411xE -c -I../Inc -I/home/ankith/bareMetal/chip_headers/CMSIS/Device/ST/STM32F4xx/Include -I/home/ankith/bareMetal/chip_headers/CMSIS/Include -O0 -ffunction-sections -fdata-sections -Wall -fstack-usage -fcyclomatic-complexity -MMD -MP -MF"Src/main.d" -MT"Src/main.o" --specs=nano.specs -mfpu=fpv4-sp-d16 -mfloat-abi=hard -mthumb -o "Src/main.o"
arm-none-eabi-gcc -o "06_usart_printf.elf" @"objects.list"   -mcpu=cortex-m4 -T"/home/ankith/bareMetal/06_usart_printf/STM32F411RETX_FLASH.ld" --specs=nosys.specs -Wl,-Map="06_usart_printf.map" -Wl,--gc-sections -static --specs=nano.specs -mfpu=fpv4-sp-d16 -mfloat-abi=hard -mthumb -Wl,--start-group -lc -lm -Wl,--end-group
Finished building target: 06_usart_printf.elf
 
arm-none-eabi-size  06_usart_printf.elf 
arm-none-eabi-objdump -h -S 06_usart_printf.elf  > "06_usart_printf.list"
   text	   data	    bss	    dec	    hex	filename
    952	      0	   1568	   2520	    9d8	06_usart_printf.elf
Finished building: default.size.stdout
 
Finished building: 06_usart_printf.list
 

00:33:25 Build Finished. 0 errors, 0 warnings. (took 232ms)

